// Jest Snapshot v1, https://goo.gl/fbAQLP

exports[`<Home /> When rendering should renders properly 1`] = `
<styled.div
  className="news-item"
>
  <Connect(NewsList) />
</styled.div>
`;
